[INFO] Scanning for projects...
[INFO] 
[INFO] -----------------< top.publicnote.ElderMoodAI:backend >-----------------
[INFO] Building backend 0.0.1-SNAPSHOT
[INFO]   from pom.xml
[INFO] --------------------------------[ jar ]---------------------------------
[INFO] 
[INFO] --- resources:3.3.1:resources (default-resources) @ backend ---
[INFO] Copying 1 resource from src\main\resources to target\classes
[INFO] Copying 3 resources from src\main\resources to target\classes
[INFO] 
[INFO] --- compiler:3.14.1:compile (default-compile) @ backend ---
[INFO] Nothing to compile - all classes are up to date.
[INFO] 
[INFO] --- resources:3.3.1:testResources (default-testResources) @ backend ---
[INFO] Copying 1 resource from src\test\resources to target\test-classes
[INFO] 
[INFO] --- compiler:3.14.1:testCompile (default-testCompile) @ backend ---
[INFO] Nothing to compile - all classes are up to date.
[INFO] 
[INFO] --- surefire:3.5.5:test (default-test) @ backend ---
[INFO] Using auto detected provider org.apache.maven.surefire.junitplatform.JUnitPlatformProvider
[INFO] 
[INFO] -------------------------------------------------------
[INFO]  T E S T S
[INFO] -------------------------------------------------------
[INFO] Running top.publicnote.eldermoodai.backend.security.JwtManagerTest
18:36:00.028 [main] INFO org.springframework.test.context.support.AnnotationConfigContextLoaderUtils -- Could not detect default configuration classes for test class [top.publicnote.eldermoodai.backend.security.JwtManagerTest]: JwtManagerTest does not declare any static, non-private, non-final, nested classes annotated with @Configuration.
18:36:00.224 [main] INFO org.springframework.boot.test.context.SpringBootTestContextBootstrapper -- Found @SpringBootConfiguration top.publicnote.eldermoodai.backend.BackendApplication for test class top.publicnote.eldermoodai.backend.security.JwtManagerTest
18:36:00.435 [main] INFO org.springframework.test.context.support.AnnotationConfigContextLoaderUtils -- Could not detect default configuration classes for test class [top.publicnote.eldermoodai.backend.security.JwtManagerTest]: JwtManagerTest does not declare any static, non-private, non-final, nested classes annotated with @Configuration.
18:36:00.438 [main] INFO org.springframework.boot.test.context.SpringBootTestContextBootstrapper -- Found @SpringBootConfiguration top.publicnote.eldermoodai.backend.BackendApplication for test class top.publicnote.eldermoodai.backend.security.JwtManagerTest

  .   ____          _            __ _ _
 /\\ / ___'_ __ _ _(_)_ __  __ _ \ \ \ \
( ( )\___ | '_ | '_| | '_ \/ _` | \ \ \ \
 \\/  ___)| |_)| | | | | || (_| |  ) ) ) )
  '  |____| .__|_| |_|_| |_\__, | / / / /
 =========|_|==============|___/=/_/_/_/

 :: Spring Boot ::                (v4.0.6)

2026-06-01T18:36:01.399+08:00  INFO 37492 --- [eldermoodai-backend-test] [           main] t.p.e.backend.security.JwtManagerTest    : Starting JwtManagerTest using Java 17.0.17 with PID 37492 (started by 27741 in D:\Code\Projects\ElderMoodAI\backend)
2026-06-01T18:36:01.409+08:00 DEBUG 37492 --- [eldermoodai-backend-test] [           main] t.p.e.backend.security.JwtManagerTest    : Running with Spring Boot v4.0.6, Spring v7.0.7
2026-06-01T18:36:01.412+08:00  INFO 37492 --- [eldermoodai-backend-test] [           main] t.p.e.backend.security.JwtManagerTest    : The following 1 profile is active: "test"
2026-06-01T18:36:13.280+08:00  WARN 37492 --- [eldermoodai-backend-test] [           main] org.hibernate.orm.deprecation            : HHH90000025: H2Dialect does not need to be specified explicitly using 'hibernate.dialect' (remove the property setting and it will be selected by default)
2026-06-01T18:36:16.000+08:00  WARN 37492 --- [eldermoodai-backend-test] [           main] JpaBaseConfiguration$JpaWebConfiguration : spring.jpa.open-in-view is enabled by default. Therefore, database queries may be performed during view rendering. Explicitly configure spring.jpa.open-in-view to disable this warning
2026-06-01T18:36:30.896+08:00  WARN 37492 --- [eldermoodai-backend-test] [           main] .s.a.UserDetailsServiceAutoConfiguration : 

Using generated security password: 42f26179-d438-4e11-82db-3a0c8b7346e8

This generated password is for development use only. Your security configuration must be updated before running your application in production.

2026-06-01T18:36:34.457+08:00  INFO 37492 --- [eldermoodai-backend-test] [           main] t.p.e.backend.security.JwtManagerTest    : Started JwtManagerTest in 33.839 seconds (process running for 37.561)
OpenJDK 64-Bit Server VM warning: Sharing is only supported for boot loader classes because bootstrap classpath has been appended
[INFO] Tests run: 13, Failures: 0, Errors: 0, Skipped: 0, Time elapsed: 37.31 s -- in top.publicnote.eldermoodai.backend.security.JwtManagerTest
[INFO] Running top.publicnote.eldermoodai.backend.service.EncryptionServiceTest
[INFO] Tests run: 9, Failures: 0, Errors: 0, Skipped: 0, Time elapsed: 0.243 s -- in top.publicnote.eldermoodai.backend.service.EncryptionServiceTest
[INFO] Running top.publicnote.eldermoodai.backend.service.PasswordEncoderServiceTest
[INFO] Tests run: 10, Failures: 0, Errors: 0, Skipped: 0, Time elapsed: 7.288 s -- in top.publicnote.eldermoodai.backend.service.PasswordEncoderServiceTest
[INFO] 
[INFO] Results:
[INFO] 
[INFO] Tests run: 32, Failures: 0, Errors: 0, Skipped: 0
[INFO] 
[INFO] ------------------------------------------------------------------------
[INFO] BUILD SUCCESS
[INFO] ------------------------------------------------------------------------
[INFO] Total time:  55.442 s
[INFO] Finished at: 2026-06-01T18:36:44+08:00
[INFO] ------------------------------------------------------------------------
